{"logTime": "0510/081701", "correlationVector":"S2d7D81oXH10EGMTJ9xsea.1","action":"SyncServerConnectionManagerRequest", "result":"SYNC_SERVER_OK", "context":{"environment":"Prod_japanwest_prod-s01-066-apac-japanwest", "migrationStage":"NotStarted", "server":"akswtt113000009"}}
{"logTime": "0510/081701", "correlationVector":"S2d7D81oXH10EGMTJ9xsea.2","action":"ProcessGetUpdates", "result":"Done", "context":{"dataType":"Encryption Keys", "deleted":"0", "process_failed_to_decrypt":"0", "process_pending_decryption":"0", "process_success":"1", "total":"1"}}
{"logTime": "0510/081702", "correlationVector":"6Cd+CVRNRIbPqiqT5+uNNu","action":"SyncServerConnectionManagerRequest", "result":"SYNC_SERVER_OK", "context":{"environment":"", "migrationStage":"", "server":""}}
{"logTime": "0510/081702", "correlationVector":"6Cd+CVRNRIbPqiqT5+uNNu.0","action":"EncryptionKeysFetcher.DownloadKeys:", "result":"Success", "context":Key count: 10, Last key timestamp: 2026-04-22T10:26:33Z}
{"logTime": "0510/081702", "correlationVector":"6Cd+CVRNRIbPqiqT5+uNNu.1","action":"EncryptionKeysManager::SetEncryptionKeys:", "result":"Success", "context":Key names[10]:[rr0gwcX9dH+ckSJTRolQmMeFPSRgvjwPgezxu2jT89WTelaWaNeM8nPhkfBqsiiBu0TVGQh08hleTbPLBkKAfQ==][xI6cQr2ND8NW5RBi8bkzNTXka/wsIRxT3SNPLy9XflUEjSBW7HgpCH+lRt2efcJKFhkBnoziaYEJBxRbaiZZoA==][/th2+W2XrpofXrYTMKxbeydK4vcr2Qsdh49xJS+rS9z6WSWGtOB647W7RHm9PwXz1qcWYyJ5oavlBM+K1IllqA==][B0wSuskSVCVybsmxi/qn0e5s77Z+8nHDZcFl2YNWK3ZwyUlBJsJEc3MAJdJwe/bbzuiCMUAuayrheryPHstGNA==][2Ovtd83apI8x7DLpDm4SpLvqY3twmxQXETyDilwwOf6XFXMYGZJgLXorSJn1pbhhOOdPpgChLMVvFOgyxsWxig==][O4B0TYQLMud63jFiJP6EpUWLyk7FycFt7B7xttq3t1m9tcihuBr0LoN/Eavchj4NTUhK39ldnsQ6iAEQZQLWLg==][MuyDJxKikL0kQdejXhlDHCvgIR7+3XruroRMicAFbSNJbHi8a8AXx998CPl/gtZ8PDRSymkOlxkoJs25KDdWpg==][UP6va7MsUqemnYCrUrSmfsvWVvOnwOoYLQoT70gz17s+vXYoe09VWHh8na0bxj7ybO2AWOjj6EmI+TRLx4lOjQ==][W5TIWevecQS4cJwUE2XqQI8ihjvM2hF2ySnOJYv1C+IIwwJODWZgyTXmqvXsdC41fr/A4frF/yCoCbIkVkZrsQ==][EIhAcJt1a3R3CBjhaAPtihvX+DRkXQLO86SKXVnLxYSQrzKoBeowf4z5ODriFcM0KQmPE7RLsIW09l2uZPRCgA==]}
{"logTime": "0510/081702", "correlationVector":"6Cd+CVRNRIbPqiqT5+uNNu.2","action":"EncryptionKeysManager::SetEncryptionKeysWithTimestamps:", "result":"Success", "context":Key timestamps[10]:[2021-07-02T07:22:20Z][2022-01-06T10:53:18Z][2022-07-23T08:41:39Z][2023-03-01T00:00:56Z][2023-09-08T05:08:46Z][2024-04-08T21:11:46Z][2024-10-17T01:57:43Z][2025-04-15T02:24:15Z][2025-10-12T19:18:00Z][2026-04-22T10:26:33Z]}
{"logTime": "0510/081702", "correlationVector":"S2d7D81oXH10EGMTJ9xsea","action":"Initial GetUpdates", "result":"", "context":Reason: NEW_CLIENT. cV=S2d7D81oXH10EGMTJ9xsea}
{"logTime": "0510/081702", "correlationVector":"S2d7D81oXH10EGMTJ9xsea.3","action":"GetUpdates Response", "result":"Success", "context":Received 1 update(s). cV=S2d7D81oXH10EGMTJ9xsea.0;server=akswtt113000009;cloudType=Consumer;environment=Prod_japanwest_prod-s01-066-apac-japanwest;migrationStage=NotStarted}
{"logTime": "0510/081702", "correlationVector":"BLtgwgkhqPtISX9uKYgvKu","action":"Initial GetUpdates", "result":"", "context":Reason: NEWLY_SUPPORTED_DATATYPE. cV=BLtgwgkhqPtISX9uKYgvKu}
{"logTime": "0510/081702", "correlationVector":"BLtgwgkhqPtISX9uKYgvKu.1","action":"SyncServerConnectionManagerRequest", "result":"SYNC_SERVER_OK", "context":{"environment":"Prod_japanwest_prod-s01-066-apac-japanwest", "migrationStage":"NotStarted", "server":"akswtt11300000m"}}
{"logTime": "0510/081702", "correlationVector":"BLtgwgkhqPtISX9uKYgvKu.2","action":"ProcessGetUpdates", "result":"Done", "context":{"dataType":"Preferences", "deleted":"0", "process_failed_to_decrypt":"0", "process_pending_decryption":"0", "process_success":"86", "total":"86"}}
{"logTime": "0510/081702", "correlationVector":"BLtgwgkhqPtISX9uKYgvKu.3","action":"ProcessGetUpdates", "result":"Done", "context":{"dataType":"Passwords", "deleted":"0", "process_failed_to_decrypt":"0", "process_pending_decryption":"0", "process_success":"18", "total":"18"}}
{"logTime": "0510/081702", "correlationVector":"BLtgwgkhqPtISX9uKYgvKu.4","action":"ProcessGetUpdates", "result":"Done", "context":{"dataType":"Device Info", "deleted":"0", "process_failed_to_decrypt":"0", "process_pending_decryption":"0", "process_success":"7", "total":"7"}}
{"logTime": "0510/081702", "correlationVector":"BLtgwgkhqPtISX9uKYgvKu.5","action":"GetUpdates Response", "result":"Success", "context":Received 111 update(s). cV=BLtgwgkhqPtISX9uKYgvKu.0;server=akswtt11300000m;cloudType=Consumer;environment=Prod_japanwest_prod-s01-066-apac-japanwest;migrationStage=NotStarted}
{"logTime": "0510/081702", "correlationVector":"GOtOefvMuwxjW3MK57njiF","action":"Initial GetUpdates", "result":"", "context":Reason: NEWLY_SUPPORTED_DATATYPE. cV=GOtOefvMuwxjW3MK57njiF}
{"logTime": "0510/081702", "correlationVector":"GOtOefvMuwxjW3MK57njiF.1","action":"SyncServerConnectionManagerRequest", "result":"SYNC_SERVER_OK", "context":{"environment":"Prod_japanwest_prod-s01-066-apac-japanwest", "migrationStage":"NotStarted", "server":"akswtt11300000i"}}
{"logTime": "0510/081702", "correlationVector":"GOtOefvMuwxjW3MK57njiF.2","action":"ProcessGetUpdates", "result":"Done", "context":{"dataType":"Bookmarks", "deleted":"0", "process_failed_to_decrypt":"0", "process_pending_decryption":"0", "process_success":"181", "total":"181"}}
{"logTime": "0510/081702", "correlationVector":"GOtOefvMuwxjW3MK57njiF.3","action":"GetUpdates Response", "result":"Success", "context":Received 181 update(s). cV=GOtOefvMuwxjW3MK57njiF.0;server=akswtt11300000i;cloudType=Consumer;environment=Prod_japanwest_prod-s01-066-apac-japanwest;migrationStage=NotStarted}
{"logTime": "0510/081702", "correlationVector":"ekqYrK7ky7brelecaymKhr","action":"Initial GetUpdates", "result":"", "context":Reason: NEWLY_SUPPORTED_DATATYPE. cV=ekqYrK7ky7brelecaymKhr}
{"logTime": "0510/081703", "correlationVector":"ekqYrK7ky7brelecaymKhr.1","action":"SyncServerConnectionManagerRequest", "result":"SYNC_SERVER_OK", "context":{"environment":"Prod_japanwest_prod-s01-066-apac-japanwest", "migrationStage":"NotStarted", "server":"akswtt11300000t"}}
{"logTime": "0510/081703", "correlationVector":"ekqYrK7ky7brelecaymKhr.2","action":"ProcessGetUpdates", "result":"Done", "context":{"dataType":"Autofill Profiles", "deleted":"0", "process_failed_to_decrypt":"0", "process_pending_decryption":"0", "process_success":"3", "total":"3"}}
{"logTime": "0510/081703", "correlationVector":"ekqYrK7ky7brelecaymKhr.3","action":"ProcessGetUpdates", "result":"Done", "context":{"dataType":"Autofill", "deleted":"0", "process_failed_to_decrypt":"0", "process_pending_decryption":"0", "process_success":"16", "total":"16"}}
{"logTime": "0510/081703", "correlationVector":"ekqYrK7ky7brelecaymKhr.4","action":"ProcessGetUpdates", "result":"Done", "context":{"dataType":"Extensions", "deleted":"0", "process_failed_to_decrypt":"0", "process_pending_decryption":"0", "process_success":"1", "total":"1"}}
{"logTime": "0510/081703", "correlationVector":"ekqYrK7ky7brelecaymKhr.5","action":"ProcessGetUpdates", "result":"Done", "context":{"dataType":"Sessions", "deleted":"95", "process_failed_to_decrypt":"0", "process_pending_decryption":"0", "process_success":"97", "total":"97"}}
{"logTime": "0510/081703", "correlationVector":"ekqYrK7ky7brelecaymKhr.6","action":"GetUpdates Response", "result":"Success", "context":Received 117 update(s). cV=ekqYrK7ky7brelecaymKhr.0;server=akswtt11300000t;cloudType=Consumer;environment=Prod_japanwest_prod-s01-066-apac-japanwest;migrationStage=NotStarted}
{"logTime": "0510/081703", "correlationVector":"uvh5ZacrZa+rpr9NlezKzF","action":"Initial GetUpdates", "result":"", "context":Reason: NEWLY_SUPPORTED_DATATYPE. cV=uvh5ZacrZa+rpr9NlezKzF}
{"logTime": "0510/081703", "correlationVector":"uvh5ZacrZa+rpr9NlezKzF.1","action":"SyncServerConnectionManagerRequest", "result":"SYNC_SERVER_OK", "context":{"environment":"Prod_japanwest_prod-s01-066-apac-japanwest", "migrationStage":"NotStarted", "server":"akswtt11300000d"}}
{"logTime": "0510/081703", "correlationVector":"uvh5ZacrZa+rpr9NlezKzF.2","action":"ProcessGetUpdates", "result":"Done", "context":{"dataType":"History", "deleted":"0", "process_failed_to_decrypt":"0", "process_pending_decryption":"0", "process_success":"129", "total":"129"}}
{"logTime": "0510/081703", "correlationVector":"uvh5ZacrZa+rpr9NlezKzF.3","action":"GetUpdates Response", "result":"Success", "context":Received 129 update(s). cV=uvh5ZacrZa+rpr9NlezKzF.0;server=akswtt11300000d;cloudType=Consumer;environment=Prod_japanwest_prod-s01-066-apac-japanwest;migrationStage=NotStarted}
{"logTime": "0510/081703", "correlationVector":"qd9QyzKtZZ+6UMpIu2gQYh","action":"Normal GetUpdate request", "result":"", "context":cV=qd9QyzKtZZ+6UMpIu2gQYh
Nudged types: Sessions, Device Info, User Consents
Refresh requested types: Bookmarks, Preferences, Passwords, Autofill Profiles, Autofill, Extensions, Sessions, Extension settings, History Delete Directives, Device Info, User Consents, Send Tab To Self, Web Apps, History, Saved Tab Group, WebAuthn Credentials, Collection, Edge E Drop, Edge Hub App Usage, Edge Wallet, Edge Workspace, Encryption Keys}
{"logTime": "0510/081703", "correlationVector":"qd9QyzKtZZ+6UMpIu2gQYh.1","action":"SyncServerConnectionManagerRequest", "result":"SYNC_SERVER_OK", "context":{"environment":"Prod_japanwest_prod-s01-066-apac-japanwest", "migrationStage":"NotStarted", "server":"akswtt113000000"}}
{"logTime": "0510/081703", "correlationVector":"qd9QyzKtZZ+6UMpIu2gQYh.2","action":"GetUpdates Response", "result":"Success", "context":Received 0 update(s). cV=qd9QyzKtZZ+6UMpIu2gQYh.0;server=akswtt113000000;cloudType=Consumer;environment=Prod_japanwest_prod-s01-066-apac-japanwest;migrationStage=NotStarted}
{"logTime": "0510/081703", "correlationVector":"/O2368AE01MiTBsXq8pLs7","action":"DoCompareDataConsistency: ", "result":"has local changes and skip compare"}
{"logTime": "0510/081703", "correlationVector":"6SMTG+NVi8/LNF+iQyWfWr","action":"Commit Request", "result":"", "context":Item count: 21
Contributing types: Preferences, Passwords, Sessions, Device Info, User Consents, History}
{"logTime": "0510/081705", "correlationVector":"6SMTG+NVi8/LNF+iQyWfWr.1","action":"SyncServerConnectionManagerRequest", "result":"SYNC_SERVER_OK", "context":{"environment":"Prod_japanwest_prod-s01-066-apac-japanwest", "migrationStage":"NotStarted", "server":"akswtt11300000q"}}
{"logTime": "0510/081705", "correlationVector":"6SMTG+NVi8/LNF+iQyWfWr.2","action":"Commit Response", "result":"Success", "context":Result: Success. cV=6SMTG+NVi8/LNF+iQyWfWr.0;server=akswtt11300000q;cloudType=Consumer;environment=Prod_japanwest_prod-s01-066-apac-japanwest;migrationStage=NotStarted}
{"logTime": "0510/081729", "correlationVector":"L0QAtGUK7fmaTMmkB17SuD","action":"Normal GetUpdate request", "result":"", "context":cV=L0QAtGUK7fmaTMmkB17SuD
Nudged types: Sessions, History
Refresh requested types: Bookmarks, Preferences, Passwords, Autofill Profiles, Autofill, Extensions, Sessions, Extension settings, History Delete Directives, Device Info, User Consents, Send Tab To Self, Web Apps, History, Saved Tab Group, WebAuthn Credentials, Collection, Edge E Drop, Edge Hub App Usage, Edge Wallet, Edge Workspace, Encryption Keys}
{"logTime": "0510/081729", "correlationVector":"L0QAtGUK7fmaTMmkB17SuD.1","action":"SyncServerConnectionManagerRequest", "result":"SYNC_SERVER_OK", "context":{"environment":"Prod_japanwest_prod-s01-066-apac-japanwest", "migrationStage":"NotStarted", "server":"akswtt11300000b"}}
{"logTime": "0510/081729", "correlationVector":"L0QAtGUK7fmaTMmkB17SuD.2","action":"ProcessGetUpdates", "result":"Done", "context":{"dataType":"Preferences", "deleted":"0", "process_failed_to_decrypt":"0", "process_pending_decryption":"0", "process_success":"1", "total":"1"}}
{"logTime": "0510/081729", "correlationVector":"L0QAtGUK7fmaTMmkB17SuD.3","action":"ProcessGetUpdates", "result":"Done", "context":{"dataType":"Passwords", "deleted":"0", "process_failed_to_decrypt":"0", "process_pending_decryption":"0", "process_success":"15", "total":"15"}}
{"logTime": "0510/081729", "correlationVector":"L0QAtGUK7fmaTMmkB17SuD.4","action":"ProcessGetUpdates", "result":"Done", "context":{"dataType":"Sessions", "deleted":"0", "process_failed_to_decrypt":"0", "process_pending_decryption":"0", "process_success":"2", "total":"2"}}
{"logTime": "0510/081729", "correlationVector":"L0QAtGUK7fmaTMmkB17SuD.5","action":"ProcessGetUpdates", "result":"Done", "context":{"dataType":"Device Info", "deleted":"0", "process_failed_to_decrypt":"0", "process_pending_decryption":"0", "process_success":"1", "total":"1"}}
{"logTime": "0510/081729", "correlationVector":"L0QAtGUK7fmaTMmkB17SuD.6","action":"ProcessGetUpdates", "result":"Done", "context":{"dataType":"History", "deleted":"0", "process_failed_to_decrypt":"0", "process_pending_decryption":"0", "process_success":"1", "total":"1"}}
{"logTime": "0510/081729", "correlationVector":"L0QAtGUK7fmaTMmkB17SuD.7","action":"GetUpdates Response", "result":"Success", "context":Received 20 update(s). cV=L0QAtGUK7fmaTMmkB17SuD.0;server=akswtt11300000b;cloudType=Consumer;environment=Prod_japanwest_prod-s01-066-apac-japanwest;migrationStage=NotStarted}
{"logTime": "0510/081729", "correlationVector":"4HACQLr5KeH3UxpB9i73pN","action":"Commit Request", "result":"", "context":Item count: 3
Contributing types: Sessions, History}
{"logTime": "0510/081730", "correlationVector":"4HACQLr5KeH3UxpB9i73pN.1","action":"SyncServerConnectionManagerRequest", "result":"SYNC_SERVER_OK", "context":{"environment":"Prod_japanwest_prod-s01-066-apac-japanwest", "migrationStage":"NotStarted", "server":"akswtt11300000u"}}
{"logTime": "0510/081730", "correlationVector":"4HACQLr5KeH3UxpB9i73pN.2","action":"Commit Response", "result":"Success", "context":Result: Success. cV=4HACQLr5KeH3UxpB9i73pN.0;server=akswtt11300000u;cloudType=Consumer;environment=Prod_japanwest_prod-s01-066-apac-japanwest;migrationStage=NotStarted}
{"logTime": "0510/081826", "correlationVector":"1FAPsZQXy02iT3Ru3cKRx8","action":"Commit Request", "result":"", "context":Item count: 19
Contributing types: Passwords, Sessions, History}
{"logTime": "0510/081827", "correlationVector":"1FAPsZQXy02iT3Ru3cKRx8.1","action":"SyncServerConnectionManagerRequest", "result":"SYNC_SERVER_OK", "context":{"environment":"Prod_japanwest_prod-s01-066-apac-japanwest", "migrationStage":"NotStarted", "server":"akswtt11300000l"}}
{"logTime": "0510/081827", "correlationVector":"1FAPsZQXy02iT3Ru3cKRx8.2","action":"Commit Response", "result":"Success", "context":Result: Success. cV=1FAPsZQXy02iT3Ru3cKRx8.0;server=akswtt11300000l;cloudType=Consumer;environment=Prod_japanwest_prod-s01-066-apac-japanwest;migrationStage=NotStarted}
{"logTime": "0510/081827", "correlationVector":"1FAPsZQXy02iT3Ru3cKRx8.3","action":"Commit.Sessions", "result":"Success", "context":{"id":"85a818b7-cb6e-4077-a5f4-1ba08d69b4d7", "isDeleted":"true", "size":"0", "version":"1778401051269"}}
{"logTime": "0510/082003", "correlationVector":"A/OJqGsSOZ+unP7DRwn4Gx","action":"Normal GetUpdate request", "result":"", "context":cV=A/OJqGsSOZ+unP7DRwn4Gx
Nudged types: Sessions, History
Refresh requested types: Bookmarks, Preferences, Passwords, Autofill Profiles, Autofill, Extensions, Sessions, Extension settings, History Delete Directives, Device Info, User Consents, Send Tab To Self, Web Apps, History, Saved Tab Group, WebAuthn Credentials, Collection, Edge E Drop, Edge Hub App Usage, Edge Wallet, Edge Workspace, Encryption Keys}
{"logTime": "0510/082003", "correlationVector":"A/OJqGsSOZ+unP7DRwn4Gx.1","action":"SyncServerConnectionManagerRequest", "result":"SYNC_SERVER_OK", "context":{"environment":"Prod_japanwest_prod-s01-066-apac-japanwest", "migrationStage":"NotStarted", "server":"akswtt113000008"}}
{"logTime": "0510/082003", "correlationVector":"A/OJqGsSOZ+unP7DRwn4Gx.2","action":"ProcessGetUpdates", "result":"Done", "context":{"dataType":"Sessions", "deleted":"1", "process_failed_to_decrypt":"0", "process_pending_decryption":"0", "process_success":"1", "total":"1"}}
{"logTime": "0510/082003", "correlationVector":"A/OJqGsSOZ+unP7DRwn4Gx.3","action":"ProcessGetUpdates", "result":"Done", "context":{"dataType":"History", "deleted":"0", "process_failed_to_decrypt":"0", "process_pending_decryption":"0", "process_success":"5", "total":"5"}}
{"logTime": "0510/082003", "correlationVector":"A/OJqGsSOZ+unP7DRwn4Gx.4","action":"GetUpdates Response", "result":"Success", "context":Received 6 update(s). cV=A/OJqGsSOZ+unP7DRwn4Gx.0;server=akswtt113000008;cloudType=Consumer;environment=Prod_japanwest_prod-s01-066-apac-japanwest;migrationStage=NotStarted}
{"logTime": "0510/082003", "correlationVector":"Mbwd8woh2JggzvZ1Nx0dBD","action":"Commit Request", "result":"", "context":Item count: 1
Contributing types: Sessions}
{"logTime": "0510/082004", "correlationVector":"Mbwd8woh2JggzvZ1Nx0dBD.1","action":"SyncServerConnectionManagerRequest", "result":"SYNC_SERVER_OK", "context":{"environment":"Prod_japanwest_prod-s01-066-apac-japanwest", "migrationStage":"NotStarted", "server":"akswtt11300000o"}}
{"logTime": "0510/082004", "correlationVector":"Mbwd8woh2JggzvZ1Nx0dBD.2","action":"Commit Response", "result":"Success", "context":Result: Success. cV=Mbwd8woh2JggzvZ1Nx0dBD.0;server=akswtt11300000o;cloudType=Consumer;environment=Prod_japanwest_prod-s01-066-apac-japanwest;migrationStage=NotStarted}
{"logTime": "0510/082104", "correlationVector":"YRLSF5bKFdD2pjT3r3uEmT","action":"Commit Request", "result":"", "context":Item count: 3
Contributing types: Sessions, History}
{"logTime": "0510/082104", "correlationVector":"YRLSF5bKFdD2pjT3r3uEmT.1","action":"SyncServerConnectionManagerRequest", "result":"SYNC_SERVER_OK", "context":{"environment":"Prod_japanwest_prod-s01-066-apac-japanwest", "migrationStage":"NotStarted", "server":"akswtt11300000a"}}
{"logTime": "0510/082104", "correlationVector":"YRLSF5bKFdD2pjT3r3uEmT.2","action":"Commit Response", "result":"Success", "context":Result: Success. cV=YRLSF5bKFdD2pjT3r3uEmT.0;server=akswtt11300000a;cloudType=Consumer;environment=Prod_japanwest_prod-s01-066-apac-japanwest;migrationStage=NotStarted}
{"logTime": "0510/082104", "correlationVector":"YRLSF5bKFdD2pjT3r3uEmT.3","action":"Commit.Sessions", "result":"Success", "context":{"id":"ea31b91c-50ec-42ef-ab82-724210f3dfd1", "isDeleted":"true", "size":"0", "version":"1778401205279"}}
{"logTime": "0510/082322", "correlationVector":"gyIsLEZ3uf8sM8HPdyQCQ/","action":"Normal GetUpdate request", "result":"", "context":cV=gyIsLEZ3uf8sM8HPdyQCQ/
Nudged types: Sessions, History
Refresh requested types: Bookmarks, Preferences, Passwords, Autofill Profiles, Autofill, Extensions, Sessions, Extension settings, History Delete Directives, Device Info, User Consents, Send Tab To Self, Web Apps, History, Saved Tab Group, WebAuthn Credentials, Collection, Edge E Drop, Edge Hub App Usage, Edge Wallet, Edge Workspace, Encryption Keys}
{"logTime": "0510/082322", "correlationVector":"gyIsLEZ3uf8sM8HPdyQCQ/.1","action":"SyncServerConnectionManagerRequest", "result":"SYNC_SERVER_OK", "context":{"environment":"Prod_japanwest_prod-s01-066-apac-japanwest", "migrationStage":"NotStarted", "server":"akswtt11300000z"}}
{"logTime": "0510/082322", "correlationVector":"gyIsLEZ3uf8sM8HPdyQCQ/.2","action":"ProcessGetUpdates", "result":"Done", "context":{"dataType":"Sessions", "deleted":"1", "process_failed_to_decrypt":"0", "process_pending_decryption":"0", "process_success":"2", "total":"2"}}
{"logTime": "0510/082322", "correlationVector":"gyIsLEZ3uf8sM8HPdyQCQ/.3","action":"ProcessGetUpdates", "result":"Done", "context":{"dataType":"History", "deleted":"0", "process_failed_to_decrypt":"0", "process_pending_decryption":"0", "process_success":"1", "total":"1"}}
{"logTime": "0510/082322", "correlationVector":"gyIsLEZ3uf8sM8HPdyQCQ/.4","action":"GetUpdates Response", "result":"Success", "context":Received 3 update(s). cV=gyIsLEZ3uf8sM8HPdyQCQ/.0;server=akswtt11300000z;cloudType=Consumer;environment=Prod_japanwest_prod-s01-066-apac-japanwest;migrationStage=NotStarted}
{"logTime": "0510/082322", "correlationVector":"w5r49PKEcUk1BQumZ06wo+","action":"Commit Request", "result":"", "context":Item count: 2
Contributing types: Sessions, History}
{"logTime": "0510/082323", "correlationVector":"w5r49PKEcUk1BQumZ06wo+.1","action":"SyncServerConnectionManagerRequest", "result":"SYNC_SERVER_OK", "context":{"environment":"Prod_japanwest_prod-s01-066-apac-japanwest", "migrationStage":"NotStarted", "server":"akswtt11300000o"}}
{"logTime": "0510/082323", "correlationVector":"w5r49PKEcUk1BQumZ06wo+.3","action":"Commit.Sessions", "result":"Success", "context":{"id":"3bd45fc3-f027-4737-8cad-6b1d6eabef03", "isDeleted":"true", "size":"0", "version":"1778401265694"}}
{"logTime": "0510/082323", "correlationVector":"w5r49PKEcUk1BQumZ06wo+.2","action":"Commit Response", "result":"Success", "context":Result: Success. cV=w5r49PKEcUk1BQumZ06wo+.0;server=akswtt11300000o;cloudType=Consumer;environment=Prod_japanwest_prod-s01-066-apac-japanwest;migrationStage=NotStarted}
{"logTime": "0510/082423", "correlationVector":"u8D6o+7QvqzWTwPogxWc+n","action":"Commit Request", "result":"", "context":Item count: 2
Contributing types: Sessions, History}
{"logTime": "0510/082423", "correlationVector":"u8D6o+7QvqzWTwPogxWc+n.1","action":"SyncServerConnectionManagerRequest", "result":"SYNC_SERVER_OK", "context":{"environment":"Prod_japanwest_prod-s01-066-apac-japanwest", "migrationStage":"NotStarted", "server":"akswtt11300000z"}}
{"logTime": "0510/082423", "correlationVector":"u8D6o+7QvqzWTwPogxWc+n.2","action":"Commit Response", "result":"Success", "context":Result: Success. cV=u8D6o+7QvqzWTwPogxWc+n.0;server=akswtt11300000z;cloudType=Consumer;environment=Prod_japanwest_prod-s01-066-apac-japanwest;migrationStage=NotStarted}
