2026-05-10 08:16:58.252: [INFO][Sync] Reset engine, reason: 8
2026-05-10 08:16:58.252: [INFO][Sync] Stopped: Bookmarks
2026-05-10 08:16:58.252: [INFO][Sync] Stopped: Preferences
2026-05-10 08:16:58.252: [INFO][Sync] Stopped: Passwords
2026-05-10 08:16:58.252: [INFO][Sync] Stopped: Autofill Profiles
2026-05-10 08:16:58.252: [INFO][Sync] Stopped: Autofill
2026-05-10 08:16:58.252: [INFO][Sync] Stopped: Extensions
2026-05-10 08:16:58.252: [INFO][Sync] Stopped: Sessions
2026-05-10 08:16:58.252: [INFO][Sync] Stopped: Extension settings
2026-05-10 08:16:58.252: [INFO][Sync] Stopped: History Delete Directives
2026-05-10 08:16:58.252: [INFO][Sync] Stopped: Device Info
2026-05-10 08:16:58.252: [INFO][Sync] Stopped: User Consents
2026-05-10 08:16:58.252: [INFO][Sync] Stopped: Send Tab To Self
2026-05-10 08:16:58.252: [INFO][Sync] Stopped: Web Apps
2026-05-10 08:16:58.252: [INFO][Sync] Stopped: History
2026-05-10 08:16:58.252: [INFO][Sync] Stopped: Saved Tab Group
2026-05-10 08:16:58.252: [INFO][Sync] Stopped: WebAuthn Credentials
2026-05-10 08:16:58.252: [INFO][Sync] Stopped: Collection
2026-05-10 08:16:58.252: [INFO][Sync] Stopped: Edge E Drop
2026-05-10 08:16:58.252: [INFO][Sync] Stopped: Edge Hub App Usage
2026-05-10 08:16:58.252: [INFO][Sync] Stopped: Edge Wallet
2026-05-10 08:16:58.252: [INFO][Sync] Stopped: Edge Workspace
2026-05-10 08:16:58.252: [INFO][Sync] SyncState after authenticated was: NotSignedIn
2026-05-10 08:16:58.427: [INFO][Sync] Reset engine, reason: 8
2026-05-10 08:16:58.427: [INFO][Sync] Stopped: Bookmarks
2026-05-10 08:16:58.427: [INFO][Sync] Stopped: Preferences
2026-05-10 08:16:58.427: [INFO][Sync] Stopped: Passwords
2026-05-10 08:16:58.427: [INFO][Sync] Stopped: Autofill Profiles
2026-05-10 08:16:58.427: [INFO][Sync] Stopped: Autofill
2026-05-10 08:16:58.427: [INFO][Sync] Stopped: Extensions
2026-05-10 08:16:58.427: [INFO][Sync] Stopped: Sessions
2026-05-10 08:16:58.427: [INFO][Sync] Stopped: Extension settings
2026-05-10 08:16:58.427: [INFO][Sync] Stopped: History Delete Directives
2026-05-10 08:16:58.427: [INFO][Sync] Stopped: Device Info
2026-05-10 08:16:58.427: [INFO][Sync] Stopped: User Consents
2026-05-10 08:16:58.427: [INFO][Sync] Stopped: Send Tab To Self
2026-05-10 08:16:58.427: [INFO][Sync] Stopped: Web Apps
2026-05-10 08:16:58.427: [INFO][Sync] Stopped: History
2026-05-10 08:16:58.427: [INFO][Sync] Stopped: Saved Tab Group
2026-05-10 08:16:58.427: [INFO][Sync] Stopped: WebAuthn Credentials
2026-05-10 08:16:58.427: [INFO][Sync] Stopped: Collection
2026-05-10 08:16:58.427: [INFO][Sync] Stopped: Edge E Drop
2026-05-10 08:16:58.427: [INFO][Sync] Stopped: Edge Hub App Usage
2026-05-10 08:16:58.427: [INFO][Sync] Stopped: Edge Wallet
2026-05-10 08:16:58.427: [INFO][Sync] Stopped: Edge Workspace
2026-05-10 08:16:59.839: [INFO][Sync] Try to start sync engine
2026-05-10 08:16:59.839: [INFO][SyncManagerImpl::NudgeForInitialDownload] Initial download nudge for Encryption Keys
2026-05-10 08:16:59.839: [INFO][SyncEngineBackend::LoadAndConnectNigoriController] Load and connect Nigori controller
2026-05-10 08:16:59.839: [INFO][SyncEngineBackend::DoInitialize] Control Types added: Encryption Keys
2026-05-10 08:16:59.839: [INFO][SyncManagerImpl::ConfigureSyncer] Types to download: Encryption Keys with reason: 3
2026-05-10 08:16:59.840: [INFO][SyncSchedulerImpl::DoConfigurationSyncCycleJob] Configure job was blocked
2026-05-10 08:17:00.206: [INFO][SyncAuthManager::SetLastAuthError] Current auth error: None
2026-05-10 08:17:00.206: [INFO][SyncAuthManager::EdgeLogTokenErrorState] Token error with: None for account type: MSA
2026-05-10 08:17:00.206: [INFO][Sync] Credentials changed for: EdgeSyncScopeNew
2026-05-10 08:17:00.748: [INFO][SyncAuthManager::SetLastAuthError] Current auth error: None
2026-05-10 08:17:00.748: [INFO][SyncAuthManager::EdgeLogTokenErrorState] Token error with: None for account type: MSA
2026-05-10 08:17:00.748: [INFO][Sync] Credentials changed for: EdgeSyncKeyDataScope
2026-05-10 08:17:00.748: [INFO][SyncEngineBackend::DoUpdateKeyDataCredentials] Update key data credentials
2026-05-10 08:17:00.748: [INFO][SyncEngineBackend::DoUpdateCredentials] Update credentials
2026-05-10 08:17:00.748: [INFO][SyncSchedulerImpl::DoConfigurationSyncCycleJob] Blocked types:  and types to download: Encryption Keys
2026-05-10 08:17:01.332: [INFO][Sync] Started DataTypeManager configuration, reason: 4
2026-05-10 08:17:01.332: [INFO][Sync] Configuring for: Bookmarks, Preferences, Passwords, Autofill Profiles, Autofill, Extensions, Sessions, Extension settings, History Delete Directives, Device Info, User Consents, Send Tab To Self, Web Apps, History, Saved Tab Group, WebAuthn Credentials, Collection, Edge E Drop, Edge Hub App Usage, Edge Wallet, Edge Workspace, Encryption Keys, reason: 3, current state: 0
2026-05-10 08:17:01.332: [WARN][Sync] Crypto error data types: Passwords, Autofill Profiles, Autofill
2026-05-10 08:17:01.332: [INFO][Sync] Configure, desired: Bookmarks, Preferences, Extensions, Sessions, Extension settings, History Delete Directives, Device Info, User Consents, Send Tab To Self, Web Apps, History, Saved Tab Group, WebAuthn Credentials, Collection, Edge E Drop, Edge Hub App Usage, Edge Wallet, Edge Workspace, Encryption Keys; Allow fail: Passwords, Autofill Profiles, Autofill
2026-05-10 08:17:01.332: [INFO][Sync] Loading: Bookmarks
2026-05-10 08:17:01.332: [INFO][Sync] Loading: Preferences
2026-05-10 08:17:01.332: [INFO][Sync] Loading: Extensions
2026-05-10 08:17:01.332: [INFO][Sync] Loading: Sessions
2026-05-10 08:17:01.332: [INFO][Sync] Loading: Extension settings
2026-05-10 08:17:01.332: [INFO][Sync] Loading: History Delete Directives
2026-05-10 08:17:01.332: [INFO][Sync] Loading: Device Info
2026-05-10 08:17:01.333: [INFO][Sync] Loading: User Consents
2026-05-10 08:17:01.333: [INFO][Sync] Loading: Send Tab To Self
2026-05-10 08:17:01.333: [INFO][Sync] Loading: Web Apps
2026-05-10 08:17:01.333: [INFO][Sync] Loading: History
2026-05-10 08:17:01.333: [INFO][Sync] Loading: Saved Tab Group
2026-05-10 08:17:01.333: [INFO][Sync] Loading: WebAuthn Credentials
2026-05-10 08:17:01.333: [INFO][Sync] Loading: Collection
2026-05-10 08:17:01.333: [INFO][Sync] Loading: Edge E Drop
2026-05-10 08:17:01.333: [INFO][Sync] Loading: Edge Hub App Usage
2026-05-10 08:17:01.333: [INFO][Sync] Loading: Edge Wallet
2026-05-10 08:17:01.333: [INFO][Sync] Loading: Edge Workspace
2026-05-10 08:17:01.333: [INFO][Sync] All data types are ready for configure.
2026-05-10 08:17:02.031: [INFO][Sync] Started DataTypeManager configuration, reason: 5
2026-05-10 08:17:02.031: [INFO][Sync] Configuring for: Bookmarks, Preferences, Passwords, Autofill Profiles, Autofill, Extensions, Sessions, Extension settings, History Delete Directives, Device Info, User Consents, Send Tab To Self, Web Apps, History, Saved Tab Group, WebAuthn Credentials, Collection, Edge E Drop, Edge Hub App Usage, Edge Wallet, Edge Workspace, Encryption Keys, reason: 5, current state: 1
2026-05-10 08:17:02.032: [INFO][SyncEngineBackend::DoStartConfiguration] Start configuration
2026-05-10 08:17:02.032: [INFO][SyncManagerImpl::NudgeForInitialDownload] Initial download nudge for Bookmarks
2026-05-10 08:17:02.032: [INFO][SyncManagerImpl::NudgeForInitialDownload] Initial download nudge for Preferences
2026-05-10 08:17:02.032: [INFO][SyncManagerImpl::NudgeForInitialDownload] Initial download nudge for Extensions
2026-05-10 08:17:02.032: [INFO][SyncManagerImpl::NudgeForInitialDownload] Initial download nudge for Sessions
2026-05-10 08:17:02.032: [INFO][SyncManagerImpl::NudgeForInitialDownload] Initial download nudge for Extension settings
2026-05-10 08:17:02.032: [INFO][SyncManagerImpl::NudgeForInitialDownload] Initial download nudge for History Delete Directives
2026-05-10 08:17:02.032: [INFO][SyncManagerImpl::NudgeForInitialDownload] Initial download nudge for Device Info
2026-05-10 08:17:02.032: [INFO][SyncManagerImpl::NudgeForInitialDownload] Initial download nudge for Send Tab To Self
2026-05-10 08:17:02.032: [INFO][SyncManagerImpl::NudgeForInitialDownload] Initial download nudge for Web Apps
2026-05-10 08:17:02.032: [INFO][SyncManagerImpl::NudgeForInitialDownload] Initial download nudge for History
2026-05-10 08:17:02.032: [INFO][SyncManagerImpl::NudgeForInitialDownload] Initial download nudge for Saved Tab Group
2026-05-10 08:17:02.032: [INFO][SyncManagerImpl::NudgeForInitialDownload] Initial download nudge for WebAuthn Credentials
2026-05-10 08:17:02.032: [INFO][SyncManagerImpl::NudgeForInitialDownload] Initial download nudge for Collection
2026-05-10 08:17:02.032: [INFO][SyncManagerImpl::NudgeForInitialDownload] Initial download nudge for Edge E Drop
2026-05-10 08:17:02.032: [INFO][SyncManagerImpl::NudgeForInitialDownload] Initial download nudge for Edge Hub App Usage
2026-05-10 08:17:02.032: [INFO][SyncManagerImpl::NudgeForInitialDownload] Initial download nudge for Edge Wallet
2026-05-10 08:17:02.032: [INFO][SyncManagerImpl::NudgeForInitialDownload] Initial download nudge for Edge Workspace
2026-05-10 08:17:02.032: [INFO][SyncManagerImpl::ConfigureSyncer] Types to download:  with reason: 3
2026-05-10 08:17:02.032: [INFO][SyncEngineBackend::DoFinishConfigureDataTypes] Failed to download types:  and succeeded types: 
2026-05-10 08:17:02.034: [INFO][Sync] ConfigurationDone, failed: , succeeded: , remaining count: 4
2026-05-10 08:17:02.034: [WARN][Sync]     Reconfigure requested while configuration ongoing.
2026-05-10 08:17:02.034: [INFO][Sync] Configuring for: Bookmarks, Preferences, Passwords, Autofill Profiles, Autofill, Extensions, Sessions, Extension settings, History Delete Directives, Device Info, User Consents, Send Tab To Self, Web Apps, History, Saved Tab Group, WebAuthn Credentials, Collection, Edge E Drop, Edge Hub App Usage, Edge Wallet, Edge Workspace, Encryption Keys, reason: 5, current state: 2
2026-05-10 08:17:02.034: [INFO][Sync] Configure, desired: Bookmarks, Preferences, Passwords, Autofill Profiles, Autofill, Extensions, Sessions, Extension settings, History Delete Directives, Device Info, User Consents, Send Tab To Self, Web Apps, History, Saved Tab Group, WebAuthn Credentials, Collection, Edge E Drop, Edge Hub App Usage, Edge Wallet, Edge Workspace, Encryption Keys; Allow fail: 
2026-05-10 08:17:02.034: [INFO][Sync] Loading: Passwords
2026-05-10 08:17:02.034: [INFO][Sync] Loading: Autofill Profiles
2026-05-10 08:17:02.034: [INFO][Sync] Loading: Autofill
2026-05-10 08:17:02.039: [INFO][Sync] All data types are ready for configure.
2026-05-10 08:17:02.039: [INFO][SyncManagerImpl::NudgeForInitialDownload] Initial download nudge for Passwords
2026-05-10 08:17:02.039: [INFO][SyncManagerImpl::NudgeForInitialDownload] Initial download nudge for Autofill Profiles
2026-05-10 08:17:02.039: [INFO][SyncManagerImpl::NudgeForInitialDownload] Initial download nudge for Autofill
2026-05-10 08:17:02.039: [INFO][SyncManagerImpl::ConfigureSyncer] Types to download:  with reason: 5
2026-05-10 08:17:02.040: [INFO][SyncEngineBackend::DoFinishConfigureDataTypes] Failed to download types:  and succeeded types: 
2026-05-10 08:17:02.040: [INFO][Sync] ConfigurationDone, failed: , succeeded: , remaining count: 4
2026-05-10 08:17:02.040: [INFO][Sync] Prepare to configure types: Preferences, Passwords, Device Info, Send Tab To Self, Edge E Drop, Encryption Keys
2026-05-10 08:17:02.040: [INFO][SyncManagerImpl::ConfigureSyncer] Types to download: Preferences, Passwords, Device Info, Send Tab To Self, Edge E Drop, Encryption Keys with reason: 5
2026-05-10 08:17:02.040: [INFO][SyncSchedulerImpl::DoConfigurationSyncCycleJob] Blocked types:  and types to download: Preferences, Passwords, Device Info, Send Tab To Self, Edge E Drop, Encryption Keys
2026-05-10 08:17:02.476: [INFO][SyncEngineBackend::DoFinishConfigureDataTypes] Failed to download types:  and succeeded types: Preferences, Passwords, Device Info, Send Tab To Self, Edge E Drop, Encryption Keys
2026-05-10 08:17:02.477: [INFO][Sync] ConfigurationDone, failed: , succeeded: Preferences, Passwords, Device Info, Send Tab To Self, Edge E Drop, Encryption Keys, remaining count: 3
2026-05-10 08:17:02.477: [INFO][Sync] Prepare to configure types: Bookmarks, Encryption Keys
2026-05-10 08:17:02.477: [INFO][SyncManagerImpl::ConfigureSyncer] Types to download: Bookmarks, Encryption Keys with reason: 5
2026-05-10 08:17:02.477: [INFO][SyncSchedulerImpl::DoConfigurationSyncCycleJob] Blocked types:  and types to download: Bookmarks, Encryption Keys
2026-05-10 08:17:02.744: [INFO][SyncEngineBackend::DoFinishConfigureDataTypes] Failed to download types:  and succeeded types: Bookmarks, Encryption Keys
2026-05-10 08:17:02.807: [INFO][Sync] ConfigurationDone, failed: , succeeded: Bookmarks, Encryption Keys, remaining count: 2
2026-05-10 08:17:02.807: [INFO][Sync] Prepare to configure types: Autofill Profiles, Autofill, Extensions, Sessions, Extension settings, History Delete Directives, Web Apps, Saved Tab Group, WebAuthn Credentials, Collection, Edge Hub App Usage, Edge Wallet, Edge Workspace, Encryption Keys
2026-05-10 08:17:02.807: [INFO][SyncManagerImpl::ConfigureSyncer] Types to download: Autofill Profiles, Autofill, Extensions, Sessions, Extension settings, History Delete Directives, Web Apps, Saved Tab Group, WebAuthn Credentials, Collection, Edge Hub App Usage, Edge Wallet, Edge Workspace, Encryption Keys with reason: 5
2026-05-10 08:17:02.807: [INFO][SyncSchedulerImpl::DoConfigurationSyncCycleJob] Blocked types:  and types to download: Autofill Profiles, Autofill, Extensions, Sessions, Extension settings, History Delete Directives, Web Apps, Saved Tab Group, WebAuthn Credentials, Collection, Edge Hub App Usage, Edge Wallet, Edge Workspace, Encryption Keys
2026-05-10 08:17:03.040: [INFO][SyncEngineBackend::DoFinishConfigureDataTypes] Failed to download types:  and succeeded types: Autofill Profiles, Autofill, Extensions, Sessions, Extension settings, History Delete Directives, Web Apps, Saved Tab Group, WebAuthn Credentials, Collection, Edge Hub App Usage, Edge Wallet, Edge Workspace, Encryption Keys
2026-05-10 08:17:03.040: [INFO][Sync] ConfigurationDone, failed: , succeeded: Autofill Profiles, Autofill, Extensions, Sessions, Extension settings, History Delete Directives, Web Apps, Saved Tab Group, WebAuthn Credentials, Collection, Edge Hub App Usage, Edge Wallet, Edge Workspace, Encryption Keys, remaining count: 1
2026-05-10 08:17:03.041: [INFO][Sync] Prepare to configure types: History, Encryption Keys
2026-05-10 08:17:03.041: [INFO][SyncManagerImpl::ConfigureSyncer] Types to download: History, Encryption Keys with reason: 5
2026-05-10 08:17:03.041: [INFO][SyncSchedulerImpl::DoConfigurationSyncCycleJob] Blocked types:  and types to download: History, Encryption Keys
2026-05-10 08:17:03.306: [INFO][SyncEngineBackend::DoFinishConfigureDataTypes] Failed to download types:  and succeeded types: History, Encryption Keys
2026-05-10 08:17:03.310: [INFO][Sync] ConfigurationDone, failed: , succeeded: History, Encryption Keys, remaining count: 0
2026-05-10 08:17:03.311: [INFO][Sync]     Configuration completed, state: 7
2026-05-10 08:17:03.311: [INFO][Sync] Configured DataTypeManager: Ok
2026-05-10 08:17:03.313: [INFO][SyncEngineBackend::DoStartSyncing] Start syncing
2026-05-10 08:17:26.694: [INFO][Sync] SyncState after authenticated was: FeatureCanStart
2026-05-10 08:17:26.900: [INFO][SyncAuthManager::SetLastAuthError] Current auth error: None
2026-05-10 08:17:26.900: [INFO][SyncAuthManager::EdgeLogTokenErrorState] Token error with: None for account type: MSA
2026-05-10 08:17:26.900: [INFO][Sync] Credentials changed for: EdgeSyncKeyDataScope
2026-05-10 08:17:29.388: [INFO][Sync] Try to start sync engine
2026-05-10 08:17:29.394: [INFO][SyncAuthManager::SetLastAuthError] Current auth error: None
2026-05-10 08:17:29.394: [INFO][SyncAuthManager::EdgeLogTokenErrorState] Token error with: None for account type: MSA
2026-05-10 08:17:29.394: [INFO][Sync] Credentials changed for: EdgeSyncScopeNew
2026-05-10 08:17:29.394: [INFO][SyncEngineBackend::LoadAndConnectNigoriController] Load and connect Nigori controller
2026-05-10 08:17:29.394: [INFO][SyncEngineBackend::DoInitialize] Control Types added: 
2026-05-10 08:17:29.394: [INFO][SyncManagerImpl::ConfigureSyncer] Types to download:  with reason: 4
2026-05-10 08:17:29.394: [INFO][SyncEngineBackend::DoUpdateKeyDataCredentials] Update key data credentials
2026-05-10 08:17:29.394: [INFO][SyncEngineBackend::DoUpdateCredentials] Update credentials
2026-05-10 08:17:29.394: [INFO][SyncEngineBackend::DoUpdateKeyDataCredentials] Update key data credentials
2026-05-10 08:17:29.398: [INFO][Sync] Started DataTypeManager configuration, reason: 4
2026-05-10 08:17:29.398: [INFO][Sync] Configuring for: Bookmarks, Preferences, Passwords, Autofill Profiles, Autofill, Extensions, Sessions, Extension settings, History Delete Directives, Device Info, User Consents, Send Tab To Self, Web Apps, History, Saved Tab Group, WebAuthn Credentials, Collection, Edge E Drop, Edge Hub App Usage, Edge Wallet, Edge Workspace, Encryption Keys, reason: 4, current state: 0
2026-05-10 08:17:29.398: [INFO][SyncEngineBackend::DoStartConfiguration] Start configuration
2026-05-10 08:17:29.399: [INFO][Sync] Configure, desired: Bookmarks, Preferences, Passwords, Autofill Profiles, Autofill, Extensions, Sessions, Extension settings, History Delete Directives, Device Info, User Consents, Send Tab To Self, Web Apps, History, Saved Tab Group, WebAuthn Credentials, Collection, Edge E Drop, Edge Hub App Usage, Edge Wallet, Edge Workspace, Encryption Keys; Allow fail: 
2026-05-10 08:17:29.399: [INFO][Sync] Loading: Bookmarks
2026-05-10 08:17:29.399: [INFO][Sync] Loading: Preferences
2026-05-10 08:17:29.399: [INFO][Sync] Loading: Passwords
2026-05-10 08:17:29.399: [INFO][Sync] Loading: Autofill Profiles
2026-05-10 08:17:29.399: [INFO][Sync] Loading: Autofill
2026-05-10 08:17:29.399: [INFO][Sync] Loading: Extensions
2026-05-10 08:17:29.399: [INFO][Sync] Loading: Sessions
2026-05-10 08:17:29.399: [INFO][Sync] Loading: Extension settings
2026-05-10 08:17:29.399: [INFO][Sync] Loading: History Delete Directives
2026-05-10 08:17:29.399: [INFO][Sync] Loading: Device Info
2026-05-10 08:17:29.399: [INFO][Sync] Loading: User Consents
2026-05-10 08:17:29.399: [INFO][Sync] Loading: Send Tab To Self
2026-05-10 08:17:29.399: [INFO][Sync] Loading: Web Apps
2026-05-10 08:17:29.399: [INFO][Sync] Loading: History
2026-05-10 08:17:29.399: [INFO][Sync] Loading: Saved Tab Group
2026-05-10 08:17:29.399: [INFO][Sync] Loading: WebAuthn Credentials
2026-05-10 08:17:29.399: [INFO][Sync] Loading: Collection
2026-05-10 08:17:29.399: [INFO][Sync] Loading: Edge E Drop
2026-05-10 08:17:29.399: [INFO][Sync] Loading: Edge Hub App Usage
2026-05-10 08:17:29.399: [INFO][Sync] Loading: Edge Wallet
2026-05-10 08:17:29.399: [INFO][Sync] Loading: Edge Workspace
2026-05-10 08:17:29.404: [INFO][Sync] All data types are ready for configure.
2026-05-10 08:17:29.405: [INFO][SyncManagerImpl::ConfigureSyncer] Types to download:  with reason: 4
2026-05-10 08:17:29.405: [INFO][SyncEngineBackend::DoFinishConfigureDataTypes] Failed to download types:  and succeeded types: 
2026-05-10 08:17:29.405: [INFO][Sync] ConfigurationDone, failed: , succeeded: , remaining count: 4
2026-05-10 08:17:29.405: [INFO][SyncManagerImpl::ConfigureSyncer] Types to download:  with reason: 4
2026-05-10 08:17:29.405: [INFO][SyncEngineBackend::DoFinishConfigureDataTypes] Failed to download types:  and succeeded types: 
2026-05-10 08:17:29.405: [INFO][Sync] ConfigurationDone, failed: , succeeded: , remaining count: 3
2026-05-10 08:17:29.405: [INFO][SyncManagerImpl::ConfigureSyncer] Types to download:  with reason: 4
2026-05-10 08:17:29.405: [INFO][SyncEngineBackend::DoFinishConfigureDataTypes] Failed to download types:  and succeeded types: 
2026-05-10 08:17:29.405: [INFO][Sync] ConfigurationDone, failed: , succeeded: , remaining count: 2
2026-05-10 08:17:29.405: [INFO][SyncManagerImpl::ConfigureSyncer] Types to download:  with reason: 4
2026-05-10 08:17:29.405: [INFO][SyncEngineBackend::DoFinishConfigureDataTypes] Failed to download types:  and succeeded types: 
2026-05-10 08:17:29.405: [INFO][Sync] ConfigurationDone, failed: , succeeded: , remaining count: 1
2026-05-10 08:17:29.406: [INFO][SyncManagerImpl::ConfigureSyncer] Types to download:  with reason: 4
2026-05-10 08:17:29.406: [INFO][SyncEngineBackend::DoFinishConfigureDataTypes] Failed to download types:  and succeeded types: 
2026-05-10 08:17:29.406: [INFO][Sync] ConfigurationDone, failed: , succeeded: , remaining count: 0
2026-05-10 08:17:29.407: [INFO][Sync]     Configuration completed, state: 3
2026-05-10 08:17:29.407: [INFO][Sync] Configured DataTypeManager: Ok
2026-05-10 08:17:29.409: [INFO][SyncEngineBackend::DoStartSyncing] Start syncing
2026-05-10 08:20:01.483: [INFO][Sync] SyncState after authenticated was: FeatureCanStart
2026-05-10 08:20:01.682: [INFO][SyncAuthManager::SetLastAuthError] Current auth error: None
2026-05-10 08:20:01.682: [INFO][SyncAuthManager::EdgeLogTokenErrorState] Token error with: None for account type: MSA
2026-05-10 08:20:01.682: [INFO][Sync] Credentials changed for: EdgeSyncKeyDataScope
2026-05-10 08:20:03.572: [INFO][Sync] Try to start sync engine
2026-05-10 08:20:03.578: [INFO][SyncEngineBackend::LoadAndConnectNigoriController] Load and connect Nigori controller
2026-05-10 08:20:03.578: [INFO][SyncEngineBackend::DoInitialize] Control Types added: 
2026-05-10 08:20:03.578: [INFO][SyncManagerImpl::ConfigureSyncer] Types to download:  with reason: 4
2026-05-10 08:20:03.578: [INFO][SyncEngineBackend::DoUpdateKeyDataCredentials] Update key data credentials
2026-05-10 08:20:03.579: [INFO][SyncAuthManager::SetLastAuthError] Current auth error: None
2026-05-10 08:20:03.579: [INFO][SyncAuthManager::EdgeLogTokenErrorState] Token error with: None for account type: MSA
2026-05-10 08:20:03.579: [INFO][Sync] Credentials changed for: EdgeSyncScopeNew
2026-05-10 08:20:03.579: [INFO][SyncEngineBackend::DoUpdateCredentials] Update credentials
2026-05-10 08:20:03.579: [INFO][SyncEngineBackend::DoUpdateKeyDataCredentials] Update key data credentials
2026-05-10 08:20:03.581: [INFO][Sync] Started DataTypeManager configuration, reason: 4
2026-05-10 08:20:03.581: [INFO][Sync] Configuring for: Bookmarks, Preferences, Passwords, Autofill Profiles, Autofill, Extensions, Sessions, Extension settings, History Delete Directives, Device Info, User Consents, Send Tab To Self, Web Apps, History, Saved Tab Group, WebAuthn Credentials, Collection, Edge E Drop, Edge Hub App Usage, Edge Wallet, Edge Workspace, Encryption Keys, reason: 4, current state: 0
2026-05-10 08:20:03.581: [INFO][SyncEngineBackend::DoStartConfiguration] Start configuration
2026-05-10 08:20:03.582: [INFO][Sync] Configure, desired: Bookmarks, Preferences, Passwords, Autofill Profiles, Autofill, Extensions, Sessions, Extension settings, History Delete Directives, Device Info, User Consents, Send Tab To Self, Web Apps, History, Saved Tab Group, WebAuthn Credentials, Collection, Edge E Drop, Edge Hub App Usage, Edge Wallet, Edge Workspace, Encryption Keys; Allow fail: 
2026-05-10 08:20:03.582: [INFO][Sync] Loading: Bookmarks
2026-05-10 08:20:03.582: [INFO][Sync] Loading: Preferences
2026-05-10 08:20:03.582: [INFO][Sync] Loading: Passwords
2026-05-10 08:20:03.582: [INFO][Sync] Loading: Autofill Profiles
2026-05-10 08:20:03.582: [INFO][Sync] Loading: Autofill
2026-05-10 08:20:03.582: [INFO][Sync] Loading: Extensions
2026-05-10 08:20:03.582: [INFO][Sync] Loading: Sessions
2026-05-10 08:20:03.582: [INFO][Sync] Loading: Extension settings
2026-05-10 08:20:03.582: [INFO][Sync] Loading: History Delete Directives
2026-05-10 08:20:03.582: [INFO][Sync] Loading: Device Info
2026-05-10 08:20:03.582: [INFO][Sync] Loading: User Consents
2026-05-10 08:20:03.582: [INFO][Sync] Loading: Send Tab To Self
2026-05-10 08:20:03.582: [INFO][Sync] Loading: Web Apps
2026-05-10 08:20:03.582: [INFO][Sync] Loading: History
2026-05-10 08:20:03.582: [INFO][Sync] Loading: Saved Tab Group
2026-05-10 08:20:03.582: [INFO][Sync] Loading: WebAuthn Credentials
2026-05-10 08:20:03.582: [INFO][Sync] Loading: Collection
2026-05-10 08:20:03.582: [INFO][Sync] Loading: Edge E Drop
2026-05-10 08:20:03.582: [INFO][Sync] Loading: Edge Hub App Usage
2026-05-10 08:20:03.582: [INFO][Sync] Loading: Edge Wallet
2026-05-10 08:20:03.582: [INFO][Sync] Loading: Edge Workspace
2026-05-10 08:20:03.585: [INFO][Sync] All data types are ready for configure.
2026-05-10 08:20:03.585: [INFO][SyncManagerImpl::ConfigureSyncer] Types to download:  with reason: 4
2026-05-10 08:20:03.585: [INFO][SyncEngineBackend::DoFinishConfigureDataTypes] Failed to download types:  and succeeded types: 
2026-05-10 08:20:03.585: [INFO][Sync] ConfigurationDone, failed: , succeeded: , remaining count: 4
2026-05-10 08:20:03.585: [INFO][SyncManagerImpl::ConfigureSyncer] Types to download:  with reason: 4
2026-05-10 08:20:03.585: [INFO][SyncEngineBackend::DoFinishConfigureDataTypes] Failed to download types:  and succeeded types: 
2026-05-10 08:20:03.585: [INFO][Sync] ConfigurationDone, failed: , succeeded: , remaining count: 3
2026-05-10 08:20:03.585: [INFO][SyncManagerImpl::ConfigureSyncer] Types to download:  with reason: 4
2026-05-10 08:20:03.585: [INFO][SyncEngineBackend::DoFinishConfigureDataTypes] Failed to download types:  and succeeded types: 
2026-05-10 08:20:03.585: [INFO][Sync] ConfigurationDone, failed: , succeeded: , remaining count: 2
2026-05-10 08:20:03.585: [INFO][SyncManagerImpl::ConfigureSyncer] Types to download:  with reason: 4
2026-05-10 08:20:03.585: [INFO][SyncEngineBackend::DoFinishConfigureDataTypes] Failed to download types:  and succeeded types: 
2026-05-10 08:20:03.585: [INFO][Sync] ConfigurationDone, failed: , succeeded: , remaining count: 1
2026-05-10 08:20:03.586: [INFO][SyncManagerImpl::ConfigureSyncer] Types to download:  with reason: 4
2026-05-10 08:20:03.586: [INFO][SyncEngineBackend::DoFinishConfigureDataTypes] Failed to download types:  and succeeded types: 
2026-05-10 08:20:03.586: [INFO][Sync] ConfigurationDone, failed: , succeeded: , remaining count: 0
2026-05-10 08:20:03.587: [INFO][Sync]     Configuration completed, state: 3
2026-05-10 08:20:03.587: [INFO][Sync] Configured DataTypeManager: Ok
2026-05-10 08:20:03.589: [INFO][SyncEngineBackend::DoStartSyncing] Start syncing
2026-05-10 08:23:16.716: [INFO][Sync] Reset engine, reason: 0
2026-05-10 08:23:16.716: [INFO][Sync] Reset engine with reason: 0
2026-05-10 08:23:20.171: [INFO][Sync] SyncState after authenticated was: FeatureCanStart
2026-05-10 08:23:21.374: [INFO][SyncAuthManager::SetLastAuthError] Current auth error: None
2026-05-10 08:23:21.374: [INFO][SyncAuthManager::EdgeLogTokenErrorState] Token error with: None for account type: MSA
2026-05-10 08:23:21.374: [INFO][Sync] Credentials changed for: EdgeSyncKeyDataScope
2026-05-10 08:23:22.571: [INFO][Sync] Try to start sync engine
2026-05-10 08:23:22.579: [INFO][SyncEngineBackend::LoadAndConnectNigoriController] Load and connect Nigori controller
2026-05-10 08:23:22.579: [INFO][SyncEngineBackend::DoInitialize] Control Types added: 
2026-05-10 08:23:22.579: [INFO][SyncManagerImpl::ConfigureSyncer] Types to download:  with reason: 4
2026-05-10 08:23:22.579: [INFO][SyncEngineBackend::DoUpdateKeyDataCredentials] Update key data credentials
2026-05-10 08:23:22.580: [INFO][SyncAuthManager::SetLastAuthError] Current auth error: None
2026-05-10 08:23:22.580: [INFO][SyncAuthManager::EdgeLogTokenErrorState] Token error with: None for account type: MSA
2026-05-10 08:23:22.580: [INFO][Sync] Credentials changed for: EdgeSyncScopeNew
2026-05-10 08:23:22.580: [INFO][SyncEngineBackend::DoUpdateCredentials] Update credentials
2026-05-10 08:23:22.580: [INFO][SyncEngineBackend::DoUpdateKeyDataCredentials] Update key data credentials
2026-05-10 08:23:22.583: [INFO][Sync] Started DataTypeManager configuration, reason: 4
2026-05-10 08:23:22.584: [INFO][Sync] Configuring for: Bookmarks, Preferences, Passwords, Autofill Profiles, Autofill, Extensions, Sessions, Extension settings, History Delete Directives, Device Info, User Consents, Send Tab To Self, Web Apps, History, Saved Tab Group, WebAuthn Credentials, Collection, Edge E Drop, Edge Hub App Usage, Edge Wallet, Edge Workspace, Encryption Keys, reason: 4, current state: 0
2026-05-10 08:23:22.584: [INFO][SyncEngineBackend::DoStartConfiguration] Start configuration
2026-05-10 08:23:22.585: [INFO][Sync] Configure, desired: Bookmarks, Preferences, Passwords, Autofill Profiles, Autofill, Extensions, Sessions, Extension settings, History Delete Directives, Device Info, User Consents, Send Tab To Self, Web Apps, History, Saved Tab Group, WebAuthn Credentials, Collection, Edge E Drop, Edge Hub App Usage, Edge Wallet, Edge Workspace, Encryption Keys; Allow fail: 
2026-05-10 08:23:22.585: [INFO][Sync] Loading: Bookmarks
2026-05-10 08:23:22.585: [INFO][Sync] Loading: Preferences
2026-05-10 08:23:22.585: [INFO][Sync] Loading: Passwords
2026-05-10 08:23:22.585: [INFO][Sync] Loading: Autofill Profiles
2026-05-10 08:23:22.585: [INFO][Sync] Loading: Autofill
2026-05-10 08:23:22.585: [INFO][Sync] Loading: Extensions
2026-05-10 08:23:22.585: [INFO][Sync] Loading: Sessions
2026-05-10 08:23:22.585: [INFO][Sync] Loading: Extension settings
2026-05-10 08:23:22.585: [INFO][Sync] Loading: History Delete Directives
2026-05-10 08:23:22.585: [INFO][Sync] Loading: Device Info
2026-05-10 08:23:22.585: [INFO][Sync] Loading: User Consents
2026-05-10 08:23:22.585: [INFO][Sync] Loading: Send Tab To Self
2026-05-10 08:23:22.585: [INFO][Sync] Loading: Web Apps
2026-05-10 08:23:22.585: [INFO][Sync] Loading: History
2026-05-10 08:23:22.585: [INFO][Sync] Loading: Saved Tab Group
2026-05-10 08:23:22.585: [INFO][Sync] Loading: WebAuthn Credentials
2026-05-10 08:23:22.585: [INFO][Sync] Loading: Collection
2026-05-10 08:23:22.585: [INFO][Sync] Loading: Edge E Drop
2026-05-10 08:23:22.585: [INFO][Sync] Loading: Edge Hub App Usage
2026-05-10 08:23:22.585: [INFO][Sync] Loading: Edge Wallet
2026-05-10 08:23:22.585: [INFO][Sync] Loading: Edge Workspace
2026-05-10 08:23:22.588: [INFO][Sync] All data types are ready for configure.
2026-05-10 08:23:22.588: [INFO][SyncManagerImpl::ConfigureSyncer] Types to download:  with reason: 4
2026-05-10 08:23:22.588: [INFO][SyncEngineBackend::DoFinishConfigureDataTypes] Failed to download types:  and succeeded types: 
2026-05-10 08:23:22.588: [INFO][Sync] ConfigurationDone, failed: , succeeded: , remaining count: 4
2026-05-10 08:23:22.588: [INFO][SyncManagerImpl::ConfigureSyncer] Types to download:  with reason: 4
2026-05-10 08:23:22.588: [INFO][SyncEngineBackend::DoFinishConfigureDataTypes] Failed to download types:  and succeeded types: 
2026-05-10 08:23:22.588: [INFO][Sync] ConfigurationDone, failed: , succeeded: , remaining count: 3
2026-05-10 08:23:22.588: [INFO][SyncManagerImpl::ConfigureSyncer] Types to download:  with reason: 4
2026-05-10 08:23:22.588: [INFO][SyncEngineBackend::DoFinishConfigureDataTypes] Failed to download types:  and succeeded types: 
2026-05-10 08:23:22.588: [INFO][Sync] ConfigurationDone, failed: , succeeded: , remaining count: 2
2026-05-10 08:23:22.588: [INFO][SyncManagerImpl::ConfigureSyncer] Types to download:  with reason: 4
2026-05-10 08:23:22.588: [INFO][SyncEngineBackend::DoFinishConfigureDataTypes] Failed to download types:  and succeeded types: 
2026-05-10 08:23:22.588: [INFO][Sync] ConfigurationDone, failed: , succeeded: , remaining count: 1
2026-05-10 08:23:22.589: [INFO][SyncManagerImpl::ConfigureSyncer] Types to download:  with reason: 4
2026-05-10 08:23:22.589: [INFO][SyncEngineBackend::DoFinishConfigureDataTypes] Failed to download types:  and succeeded types: 
2026-05-10 08:23:22.589: [INFO][Sync] ConfigurationDone, failed: , succeeded: , remaining count: 0
2026-05-10 08:23:22.590: [INFO][Sync]     Configuration completed, state: 3
2026-05-10 08:23:22.591: [INFO][Sync] Configured DataTypeManager: Ok
2026-05-10 08:23:22.592: [INFO][SyncEngineBackend::DoStartSyncing] Start syncing
