2026-05-10 08:16:58.412: [INFO] OnDoneLoading sync enabled: 0
2026-05-10 08:16:58.427: [INFO] RecordSyncInitDuration has_sync_been_enabled: 0 state: 0
2026-05-10 08:16:59.838: [INFO] RecordSyncInitDuration has_sync_been_enabled: 0 state: 0
2026-05-10 08:16:59.839: [INFO] RecordSyncInitDuration has_sync_been_enabled: 0 state: 3
2026-05-10 08:16:59.840: [INFO] Primary account changed.
2026-05-10 08:16:59.840: [INFO] OnPrimaryAccountChanged PrimaryAccountChangeEvent::Type::kSet
2026-05-10 08:16:59.842: [INFO] RecordSyncInitDuration has_sync_been_enabled: 0 state: 3
2026-05-10 08:17:02.742: [INFO] BookmarkNodeAdded, ABU: 0
2026-05-10 08:17:02.742: [INFO] BookmarkNodeAdded, ABU: 0
2026-05-10 08:17:02.742: [INFO] BookmarkNodeAdded, ABU: 0
2026-05-10 08:17:02.743: [INFO] BookmarkNodeAdded, ABU: 0
2026-05-10 08:17:02.743: [INFO] BookmarkNodeAdded, ABU: 0
2026-05-10 08:17:02.743: [INFO] BookmarkNodeAdded, ABU: 0
2026-05-10 08:17:02.743: [INFO] BookmarkNodeAdded, ABU: 0
2026-05-10 08:17:02.744: [INFO] BookmarkNodeAdded, ABU: 0
2026-05-10 08:17:02.744: [INFO] BookmarkNodeAdded, ABU: 0
2026-05-10 08:17:02.745: [INFO] BookmarkNodeAdded, ABU: 0
2026-05-10 08:17:02.745: [INFO] BookmarkNodeAdded, ABU: 0
2026-05-10 08:17:02.746: [INFO] BookmarkNodeAdded, ABU: 0
2026-05-10 08:17:02.746: [INFO] BookmarkNodeAdded, ABU: 0
2026-05-10 08:17:02.746: [INFO] BookmarkNodeAdded, ABU: 0
2026-05-10 08:17:02.747: [INFO] BookmarkNodeAdded, ABU: 0
2026-05-10 08:17:02.747: [INFO] BookmarkNodeAdded, ABU: 0
2026-05-10 08:17:02.748: [INFO] BookmarkNodeAdded, ABU: 0
2026-05-10 08:17:02.748: [INFO] BookmarkNodeAdded, ABU: 0
2026-05-10 08:17:02.748: [INFO] BookmarkNodeAdded, ABU: 0
2026-05-10 08:17:02.749: [INFO] BookmarkNodeAdded, ABU: 0
2026-05-10 08:17:02.749: [INFO] BookmarkNodeAdded, ABU: 0
2026-05-10 08:17:02.749: [INFO] BookmarkNodeAdded, ABU: 0
2026-05-10 08:17:02.749: [INFO] BookmarkNodeAdded, ABU: 0
2026-05-10 08:17:02.749: [INFO] BookmarkNodeAdded, ABU: 0
2026-05-10 08:17:02.750: [INFO] BookmarkNodeAdded, ABU: 0
2026-05-10 08:17:02.750: [INFO] BookmarkNodeAdded, ABU: 0
2026-05-10 08:17:02.751: [INFO] BookmarkNodeAdded, ABU: 0
2026-05-10 08:17:02.751: [INFO] BookmarkNodeAdded, ABU: 0
2026-05-10 08:17:02.751: [INFO] BookmarkNodeAdded, ABU: 0
2026-05-10 08:17:02.751: [INFO] BookmarkNodeAdded, ABU: 0
2026-05-10 08:17:02.752: [INFO] BookmarkNodeAdded, ABU: 0
2026-05-10 08:17:02.752: [INFO] BookmarkNodeAdded, ABU: 0
2026-05-10 08:17:02.752: [INFO] BookmarkNodeAdded, ABU: 0
2026-05-10 08:17:02.753: [INFO] BookmarkNodeAdded, ABU: 0
2026-05-10 08:17:02.753: [INFO] BookmarkNodeAdded, ABU: 0
2026-05-10 08:17:02.754: [INFO] BookmarkNodeAdded, ABU: 0
2026-05-10 08:17:02.754: [INFO] BookmarkNodeAdded, ABU: 0
2026-05-10 08:17:02.755: [INFO] BookmarkNodeAdded, ABU: 0
2026-05-10 08:17:02.755: [INFO] BookmarkNodeAdded, ABU: 0
2026-05-10 08:17:02.756: [INFO] BookmarkNodeAdded, ABU: 0
2026-05-10 08:17:02.756: [INFO] BookmarkNodeAdded, ABU: 0
2026-05-10 08:17:02.756: [INFO] BookmarkNodeAdded, ABU: 0
2026-05-10 08:17:02.757: [INFO] BookmarkNodeAdded, ABU: 0
2026-05-10 08:17:02.757: [INFO] BookmarkNodeAdded, ABU: 0
2026-05-10 08:17:02.758: [INFO] BookmarkNodeAdded, ABU: 0
2026-05-10 08:17:02.759: [INFO] BookmarkNodeAdded, ABU: 0
2026-05-10 08:17:02.759: [INFO] BookmarkNodeAdded, ABU: 0
2026-05-10 08:17:02.760: [INFO] BookmarkNodeAdded, ABU: 0
2026-05-10 08:17:02.760: [INFO] BookmarkNodeAdded, ABU: 0
2026-05-10 08:17:02.761: [INFO] BookmarkNodeAdded, ABU: 0
2026-05-10 08:17:02.762: [INFO] BookmarkNodeAdded, ABU: 0
2026-05-10 08:17:02.762: [INFO] BookmarkNodeAdded, ABU: 0
2026-05-10 08:17:02.763: [INFO] BookmarkNodeAdded, ABU: 0
2026-05-10 08:17:02.763: [INFO] BookmarkNodeAdded, ABU: 0
2026-05-10 08:17:02.764: [INFO] BookmarkNodeAdded, ABU: 0
2026-05-10 08:17:02.764: [INFO] BookmarkNodeAdded, ABU: 0
2026-05-10 08:17:02.765: [INFO] BookmarkNodeAdded, ABU: 0
2026-05-10 08:17:02.765: [INFO] BookmarkNodeAdded, ABU: 0
2026-05-10 08:17:02.766: [INFO] BookmarkNodeAdded, ABU: 0
2026-05-10 08:17:02.766: [INFO] BookmarkNodeAdded, ABU: 0
2026-05-10 08:17:02.766: [INFO] BookmarkNodeAdded, ABU: 0
2026-05-10 08:17:02.767: [INFO] BookmarkNodeAdded, ABU: 0
2026-05-10 08:17:02.767: [INFO] BookmarkNodeAdded, ABU: 0
2026-05-10 08:17:02.767: [INFO] BookmarkNodeAdded, ABU: 0
2026-05-10 08:17:02.768: [INFO] BookmarkNodeAdded, ABU: 0
2026-05-10 08:17:02.768: [INFO] BookmarkNodeAdded, ABU: 0
2026-05-10 08:17:02.769: [INFO] BookmarkNodeAdded, ABU: 0
2026-05-10 08:17:02.769: [INFO] BookmarkNodeAdded, ABU: 0
2026-05-10 08:17:02.769: [INFO] BookmarkNodeAdded, ABU: 0
2026-05-10 08:17:02.770: [INFO] BookmarkNodeAdded, ABU: 0
2026-05-10 08:17:02.770: [INFO] BookmarkNodeAdded, ABU: 0
2026-05-10 08:17:02.771: [INFO] BookmarkNodeAdded, ABU: 0
2026-05-10 08:17:02.771: [INFO] BookmarkNodeAdded, ABU: 0
2026-05-10 08:17:02.771: [INFO] BookmarkNodeAdded, ABU: 0
2026-05-10 08:17:02.772: [INFO] BookmarkNodeAdded, ABU: 0
2026-05-10 08:17:02.772: [INFO] BookmarkNodeAdded, ABU: 0
2026-05-10 08:17:02.772: [INFO] BookmarkNodeAdded, ABU: 0
2026-05-10 08:17:02.773: [INFO] BookmarkNodeAdded, ABU: 0
2026-05-10 08:17:02.773: [INFO] BookmarkNodeAdded, ABU: 0
2026-05-10 08:17:02.773: [INFO] BookmarkNodeAdded, ABU: 0
2026-05-10 08:17:02.774: [INFO] BookmarkNodeAdded, ABU: 0
2026-05-10 08:17:02.774: [INFO] BookmarkNodeAdded, ABU: 0
2026-05-10 08:17:02.774: [INFO] BookmarkNodeAdded, ABU: 0
2026-05-10 08:17:02.775: [INFO] BookmarkNodeAdded, ABU: 0
2026-05-10 08:17:02.775: [INFO] BookmarkNodeAdded, ABU: 0
2026-05-10 08:17:02.775: [INFO] BookmarkNodeAdded, ABU: 0
2026-05-10 08:17:02.775: [INFO] BookmarkNodeAdded, ABU: 0
2026-05-10 08:17:02.776: [INFO] BookmarkNodeAdded, ABU: 0
2026-05-10 08:17:02.776: [INFO] BookmarkNodeAdded, ABU: 0
2026-05-10 08:17:02.777: [INFO] BookmarkNodeAdded, ABU: 0
2026-05-10 08:17:02.777: [INFO] BookmarkNodeAdded, ABU: 0
2026-05-10 08:17:02.777: [INFO] BookmarkNodeAdded, ABU: 0
2026-05-10 08:17:02.777: [INFO] BookmarkNodeAdded, ABU: 0
2026-05-10 08:17:02.777: [INFO] BookmarkNodeAdded, ABU: 0
2026-05-10 08:17:02.778: [INFO] BookmarkNodeAdded, ABU: 0
2026-05-10 08:17:02.778: [INFO] BookmarkNodeAdded, ABU: 0
2026-05-10 08:17:02.779: [INFO] BookmarkNodeAdded, ABU: 0
2026-05-10 08:17:02.779: [INFO] BookmarkNodeAdded, ABU: 0
2026-05-10 08:17:02.779: [INFO] BookmarkNodeAdded, ABU: 0
2026-05-10 08:17:02.779: [INFO] BookmarkNodeAdded, ABU: 0
2026-05-10 08:17:02.780: [INFO] BookmarkNodeAdded, ABU: 0
2026-05-10 08:17:02.780: [INFO] BookmarkNodeAdded, ABU: 0
2026-05-10 08:17:02.781: [INFO] BookmarkNodeAdded, ABU: 0
2026-05-10 08:17:02.781: [INFO] BookmarkNodeAdded, ABU: 0
2026-05-10 08:17:02.781: [INFO] BookmarkNodeAdded, ABU: 0
2026-05-10 08:17:02.782: [INFO] BookmarkNodeAdded, ABU: 0
2026-05-10 08:17:02.782: [INFO] BookmarkNodeAdded, ABU: 0
2026-05-10 08:17:02.782: [INFO] BookmarkNodeAdded, ABU: 0
2026-05-10 08:17:02.783: [INFO] BookmarkNodeAdded, ABU: 0
2026-05-10 08:17:02.783: [INFO] BookmarkNodeAdded, ABU: 0
2026-05-10 08:17:02.783: [INFO] BookmarkNodeAdded, ABU: 0
2026-05-10 08:17:02.784: [INFO] BookmarkNodeAdded, ABU: 0
2026-05-10 08:17:02.784: [INFO] BookmarkNodeAdded, ABU: 0
2026-05-10 08:17:02.785: [INFO] BookmarkNodeAdded, ABU: 0
2026-05-10 08:17:02.785: [INFO] BookmarkNodeAdded, ABU: 0
2026-05-10 08:17:02.785: [INFO] BookmarkNodeAdded, ABU: 0
2026-05-10 08:17:02.786: [INFO] BookmarkNodeAdded, ABU: 0
2026-05-10 08:17:02.786: [INFO] BookmarkNodeAdded, ABU: 0
2026-05-10 08:17:02.786: [INFO] BookmarkNodeAdded, ABU: 0
2026-05-10 08:17:02.786: [INFO] BookmarkNodeAdded, ABU: 0
2026-05-10 08:17:02.787: [INFO] BookmarkNodeAdded, ABU: 0
2026-05-10 08:17:02.787: [INFO] BookmarkNodeAdded, ABU: 0
2026-05-10 08:17:02.787: [INFO] BookmarkNodeAdded, ABU: 0
2026-05-10 08:17:02.788: [INFO] BookmarkNodeAdded, ABU: 0
2026-05-10 08:17:02.788: [INFO] BookmarkNodeAdded, ABU: 0
2026-05-10 08:17:02.789: [INFO] BookmarkNodeAdded, ABU: 0
2026-05-10 08:17:02.789: [INFO] BookmarkNodeAdded, ABU: 0
2026-05-10 08:17:02.789: [INFO] BookmarkNodeAdded, ABU: 0
2026-05-10 08:17:02.790: [INFO] BookmarkNodeAdded, ABU: 0
2026-05-10 08:17:02.790: [INFO] BookmarkNodeAdded, ABU: 0
2026-05-10 08:17:02.790: [INFO] BookmarkNodeAdded, ABU: 0
2026-05-10 08:17:02.791: [INFO] BookmarkNodeAdded, ABU: 0
2026-05-10 08:17:02.791: [INFO] BookmarkNodeAdded, ABU: 0
2026-05-10 08:17:02.791: [INFO] BookmarkNodeAdded, ABU: 0
2026-05-10 08:17:02.792: [INFO] BookmarkNodeAdded, ABU: 0
2026-05-10 08:17:02.792: [INFO] BookmarkNodeAdded, ABU: 0
2026-05-10 08:17:02.792: [INFO] BookmarkNodeAdded, ABU: 0
2026-05-10 08:17:02.792: [INFO] BookmarkNodeAdded, ABU: 0
2026-05-10 08:17:02.793: [INFO] BookmarkNodeAdded, ABU: 0
2026-05-10 08:17:02.793: [INFO] BookmarkNodeAdded, ABU: 0
2026-05-10 08:17:02.794: [INFO] BookmarkNodeAdded, ABU: 0
2026-05-10 08:17:02.794: [INFO] BookmarkNodeAdded, ABU: 0
2026-05-10 08:17:02.794: [INFO] BookmarkNodeAdded, ABU: 0
2026-05-10 08:17:02.794: [INFO] BookmarkNodeAdded, ABU: 0
2026-05-10 08:17:02.795: [INFO] BookmarkNodeAdded, ABU: 0
2026-05-10 08:17:02.795: [INFO] BookmarkNodeAdded, ABU: 0
2026-05-10 08:17:02.796: [INFO] BookmarkNodeAdded, ABU: 0
2026-05-10 08:17:02.796: [INFO] BookmarkNodeAdded, ABU: 0
2026-05-10 08:17:02.796: [INFO] BookmarkNodeAdded, ABU: 0
2026-05-10 08:17:02.796: [INFO] BookmarkNodeAdded, ABU: 0
2026-05-10 08:17:02.797: [INFO] BookmarkNodeAdded, ABU: 0
2026-05-10 08:17:02.797: [INFO] BookmarkNodeAdded, ABU: 0
2026-05-10 08:17:02.797: [INFO] BookmarkNodeAdded, ABU: 0
2026-05-10 08:17:02.798: [INFO] BookmarkNodeAdded, ABU: 0
2026-05-10 08:17:02.799: [INFO] BookmarkNodeAdded, ABU: 0
2026-05-10 08:17:02.799: [INFO] BookmarkNodeAdded, ABU: 0
2026-05-10 08:17:02.800: [INFO] BookmarkNodeAdded, ABU: 0
2026-05-10 08:17:02.800: [INFO] BookmarkNodeAdded, ABU: 0
2026-05-10 08:17:02.800: [INFO] BookmarkNodeAdded, ABU: 0
2026-05-10 08:17:02.801: [INFO] BookmarkNodeAdded, ABU: 0
2026-05-10 08:17:02.801: [INFO] BookmarkNodeAdded, ABU: 0
2026-05-10 08:17:02.802: [INFO] BookmarkNodeAdded, ABU: 0
2026-05-10 08:17:02.802: [INFO] BookmarkNodeAdded, ABU: 0
2026-05-10 08:17:02.802: [INFO] BookmarkNodeAdded, ABU: 0
2026-05-10 08:17:02.803: [INFO] BookmarkNodeAdded, ABU: 0
2026-05-10 08:17:02.803: [INFO] BookmarkNodeAdded, ABU: 0
2026-05-10 08:17:02.803: [INFO] BookmarkNodeAdded, ABU: 0
2026-05-10 08:17:02.803: [INFO] BookmarkNodeAdded, ABU: 0
2026-05-10 08:17:02.804: [INFO] BookmarkNodeAdded, ABU: 0
2026-05-10 08:17:02.804: [INFO] BookmarkNodeAdded, ABU: 0
2026-05-10 08:17:02.804: [INFO] BookmarkNodeAdded, ABU: 0
2026-05-10 08:17:02.804: [INFO] BookmarkNodeAdded, ABU: 0
2026-05-10 08:17:02.805: [INFO] BookmarkNodeAdded, ABU: 0
2026-05-10 08:17:02.805: [INFO] BookmarkNodeAdded, ABU: 0
2026-05-10 08:17:02.805: [INFO] BookmarkNodeAdded, ABU: 0
2026-05-10 08:17:03.041: [INFO] Sync initialization duration: 3086ms
2026-05-10 08:17:26.856: [INFO] OnDoneLoading sync enabled: 1
2026-05-10 08:17:29.406: [INFO] Sync initialization duration: 10ms
2026-05-10 08:20:01.640: [INFO] OnDoneLoading sync enabled: 1
2026-05-10 08:20:03.586: [INFO] Sync initialization duration: 6ms
2026-05-10 08:23:20.403: [INFO] OnDoneLoading sync enabled: 1
2026-05-10 08:23:22.589: [INFO] Sync initialization duration: 7ms
